// Jest Snapshot v1, https://goo.gl/fbAQLP

exports[`Render Movies List 1`] = `
<div
  className="catalog__movies-list"
>
  <article
    className="small-movie-card catalog__movies-card"
    id="mc-4"
    onClick={[Function]}
  >
    <div
      className="small-movie-card__image"
      onMouseEnter={[Function]}
      onMouseLeave={[Function]}
    >
      <video
        height="175"
        muted={true}
        poster="img/moonrise-kingdom.jpg"
        preload="none"
        width="280"
      />
    </div>
    <h3
      className="small-movie-card__title"
    >
      <a
        className="small-movie-card__link"
        href="#"
      >
        Moonrise Kingdom
      </a>
    </h3>
  </article>
  <article
    className="small-movie-card catalog__movies-card"
    id="mc-5"
    onClick={[Function]}
  >
    <div
      className="small-movie-card__image"
      onMouseEnter={[Function]}
      onMouseLeave={[Function]}
    >
      <video
        height="175"
        muted={true}
        poster="img/seven-years-in-tibet.jpg"
        preload="none"
        width="280"
      />
    </div>
    <h3
      className="small-movie-card__title"
    >
      <a
        className="small-movie-card__link"
        href="#"
      >
        Seven Years in Tibet
      </a>
    </h3>
  </article>
  <article
    className="small-movie-card catalog__movies-card"
    id="mc-6"
    onClick={[Function]}
  >
    <div
      className="small-movie-card__image"
      onMouseEnter={[Function]}
      onMouseLeave={[Function]}
    >
      <video
        height="175"
        muted={true}
        poster="img/midnight-special.jpg"
        preload="none"
        width="280"
      />
    </div>
    <h3
      className="small-movie-card__title"
    >
      <a
        className="small-movie-card__link"
        href="#"
      >
        Midnight Special
      </a>
    </h3>
  </article>
  <article
    className="small-movie-card catalog__movies-card"
    id="mc-7"
    onClick={[Function]}
  >
    <div
      className="small-movie-card__image"
      onMouseEnter={[Function]}
      onMouseLeave={[Function]}
    >
      <video
        height="175"
        muted={true}
        poster="img/war-of-the-worlds.jpg"
        preload="none"
        width="280"
      />
    </div>
    <h3
      className="small-movie-card__title"
    >
      <a
        className="small-movie-card__link"
        href="#"
      >
        War of the Worlds
      </a>
    </h3>
  </article>
</div>
`;
