// Jest Snapshot v1, https://goo.gl/fbAQLP

exports[`Render Movies List 1`] = `
<div
  className="catalog__movies-list"
>
  <article
    className="small-movie-card catalog__movies-card"
    id="mc-0"
    onClick={[Function]}
  >
    <div
      className="small-movie-card__image"
      onMouseEnter={[Function]}
      onMouseLeave={[Function]}
    >
      <video
        className="player__video"
      />
    </div>
    <h3
      className="small-movie-card__title"
    >
      <a
        className="small-movie-card__link"
        href="#"
      >
        Macbeth
      </a>
    </h3>
  </article>
  <article
    className="small-movie-card catalog__movies-card"
    id="mc-1"
    onClick={[Function]}
  >
    <div
      className="small-movie-card__image"
      onMouseEnter={[Function]}
      onMouseLeave={[Function]}
    >
      <video
        className="player__video"
      />
    </div>
    <h3
      className="small-movie-card__title"
    >
      <a
        className="small-movie-card__link"
        href="#"
      >
        Aviator
      </a>
    </h3>
  </article>
  <article
    className="small-movie-card catalog__movies-card"
    id="mc-2"
    onClick={[Function]}
  >
    <div
      className="small-movie-card__image"
      onMouseEnter={[Function]}
      onMouseLeave={[Function]}
    >
      <video
        className="player__video"
      />
    </div>
    <h3
      className="small-movie-card__title"
    >
      <a
        className="small-movie-card__link"
        href="#"
      >
        We need to talk about Kevin
      </a>
    </h3>
  </article>
  <article
    className="small-movie-card catalog__movies-card"
    id="mc-3"
    onClick={[Function]}
  >
    <div
      className="small-movie-card__image"
      onMouseEnter={[Function]}
      onMouseLeave={[Function]}
    >
      <video
        className="player__video"
      />
    </div>
    <h3
      className="small-movie-card__title"
    >
      <a
        className="small-movie-card__link"
        href="#"
      >
        What We Do in the Shadows
      </a>
    </h3>
  </article>
  <article
    className="small-movie-card catalog__movies-card"
    id="mc-4"
    onClick={[Function]}
  >
    <div
      className="small-movie-card__image"
      onMouseEnter={[Function]}
      onMouseLeave={[Function]}
    >
      <video
        className="player__video"
      />
    </div>
    <h3
      className="small-movie-card__title"
    >
      <a
        className="small-movie-card__link"
        href="#"
      >
        Moonrise Kingdom
      </a>
    </h3>
  </article>
  <article
    className="small-movie-card catalog__movies-card"
    id="mc-5"
    onClick={[Function]}
  >
    <div
      className="small-movie-card__image"
      onMouseEnter={[Function]}
      onMouseLeave={[Function]}
    >
      <video
        className="player__video"
      />
    </div>
    <h3
      className="small-movie-card__title"
    >
      <a
        className="small-movie-card__link"
        href="#"
      >
        Seven Years in Tibet
      </a>
    </h3>
  </article>
  <article
    className="small-movie-card catalog__movies-card"
    id="mc-6"
    onClick={[Function]}
  >
    <div
      className="small-movie-card__image"
      onMouseEnter={[Function]}
      onMouseLeave={[Function]}
    >
      <video
        className="player__video"
      />
    </div>
    <h3
      className="small-movie-card__title"
    >
      <a
        className="small-movie-card__link"
        href="#"
      >
        Midnight Special
      </a>
    </h3>
  </article>
  <article
    className="small-movie-card catalog__movies-card"
    id="mc-7"
    onClick={[Function]}
  >
    <div
      className="small-movie-card__image"
      onMouseEnter={[Function]}
      onMouseLeave={[Function]}
    >
      <video
        className="player__video"
      />
    </div>
    <h3
      className="small-movie-card__title"
    >
      <a
        className="small-movie-card__link"
        href="#"
      >
        War of the Worlds
      </a>
    </h3>
  </article>
</div>
`;
